  Determining projects to restore...
  All projects are up-to-date for restore.
  Maliev.Aspire.ServiceDefaults -> b:\maliev\Maliev.Aspire\Maliev.Aspire.ServiceDefaults\bin\Debug\net10.0\Maliev.Aspire.ServiceDefaults.dll
  Maliev.QuotationService.Data -> b:\maliev\Maliev.QuotationService\Maliev.QuotationService.Data\bin\Debug\net10.0\Maliev.QuotationService.Data.dll
  Maliev.UploadService.Data -> b:\maliev\Maliev.UploadService\Maliev.UploadService.Data\bin\Debug\net10.0\Maliev.UploadService.Data.dll
  Maliev.MessagingContracts -> B:\maliev\Maliev.MessagingContracts\generated\csharp\bin\Debug\net10.0\Maliev.MessagingContracts.dll
  Maliev.UploadService.Api -> b:\maliev\Maliev.UploadService\Maliev.UploadService.Api\bin\Debug\net10.0\Maliev.UploadService.Api.dll
b:\maliev\Maliev.QuotationService\Maliev.QuotationService.Api\Consumers\FileDeletedEventConsumer.cs(1,32): error CS0234: The type or namespace name 'Events' does not exist in the namespace 'Maliev.UploadService.Api' (are you missing an assembly reference?) [b:\maliev\Maliev.QuotationService\Maliev.QuotationService.Api\Maliev.QuotationService.Api.csproj]
b:\maliev\Maliev.QuotationService\Maliev.QuotationService.Api\Consumers\FileDeletedEventConsumer.cs(11,51): error CS0246: The type or namespace name 'FileDeletedEvent' could not be found (are you missing a using directive or an assembly reference?) [b:\maliev\Maliev.QuotationService\Maliev.QuotationService.Api\Maliev.QuotationService.Api.csproj]
b:\maliev\Maliev.QuotationService\Maliev.QuotationService.Api\Consumers\FileDeletedEventConsumer.cs(22,46): error CS0246: The type or namespace name 'FileDeletedEvent' could not be found (are you missing a using directive or an assembly reference?) [b:\maliev\Maliev.QuotationService\Maliev.QuotationService.Api\Maliev.QuotationService.Api.csproj]

Build FAILED.

b:\maliev\Maliev.QuotationService\Maliev.QuotationService.Api\Consumers\FileDeletedEventConsumer.cs(1,32): error CS0234: The type or namespace name 'Events' does not exist in the namespace 'Maliev.UploadService.Api' (are you missing an assembly reference?) [b:\maliev\Maliev.QuotationService\Maliev.QuotationService.Api\Maliev.QuotationService.Api.csproj]
b:\maliev\Maliev.QuotationService\Maliev.QuotationService.Api\Consumers\FileDeletedEventConsumer.cs(11,51): error CS0246: The type or namespace name 'FileDeletedEvent' could not be found (are you missing a using directive or an assembly reference?) [b:\maliev\Maliev.QuotationService\Maliev.QuotationService.Api\Maliev.QuotationService.Api.csproj]
b:\maliev\Maliev.QuotationService\Maliev.QuotationService.Api\Consumers\FileDeletedEventConsumer.cs(22,46): error CS0246: The type or namespace name 'FileDeletedEvent' could not be found (are you missing a using directive or an assembly reference?) [b:\maliev\Maliev.QuotationService\Maliev.QuotationService.Api\Maliev.QuotationService.Api.csproj]
    0 Warning(s)
    3 Error(s)

Time Elapsed 00:00:02.17
